// Jest Snapshot v1, https://goo.gl/fbAQLP

exports[`SignButton component is unchanged when signed-in but auth not supported. 1`] = `
<a
  href="#"
  onClick={[Function]}
  title="Sign-Out"
/>
`;

exports[`SignButton component is unchanged when signed-in. 1`] = `
<a
  href="#"
  onClick={[Function]}
  title="Sign-Out"
/>
`;

exports[`SignButton default component is unchanged. 1`] = `
<div
  id="g-signin2"
>
  Sign-In
</div>
`;

exports[`SignButton with authentication ready. 1`] = `
<div
  id="g-signin2"
>
  Sign-In
</div>
`;
