// Jest Snapshot v1, https://goo.gl/fbAQLP

exports[`Layout base component is unchanged. 1`] = `<div />`;

exports[`Layout component with content is unchanged. 1`] = `
<main>
  <Header
    navigationMenuContent={
      Object {
        "about": "",
        "applications": "",
        "cryptoCurrency": "",
        "healthMonitor": "",
        "home": "",
        "websiteName": "",
      }
    }
  />
  <section />
  <SideBar
    menuContent={
      Object {
        "links": Array [
          Object {
            "target": "",
            "text": "",
            "title": "",
            "url": "",
          },
        ],
      }
    }
  />
  <Footer />
</main>
`;
