// Jest Snapshot v1, https://goo.gl/fbAQLP

exports[`Layout base component is unchanged. 1`] = `<div />`;

exports[`Layout component with content is unchanged. 1`] = `
<main>
  <section>
    <Header
      navigationMenuContent={
        Object {
          "about": "",
          "applications": "",
          "cryptoCurrency": "",
          "healthMonitor": "",
          "home": "",
          "websiteName": "",
        }
      }
    />
  </section>
  <SideBar
    allContent={
      Object {
        "footerContent": Object {
          "copyright": "",
          "credits": "",
          "year": "",
        },
        "menuContent": Object {
          "links": Array [],
        },
        "navigationMenuContent": Object {
          "about": "",
          "applications": "",
          "cryptoCurrency": "",
          "healthMonitor": "",
          "home": "",
          "websiteName": "",
        },
      }
    }
  />
  <Footer
    footerContent={
      Object {
        "copyright": "",
        "credits": "",
        "year": "",
      }
    }
  />
</main>
`;
