// Jest Snapshot v1, https://goo.gl/fbAQLP

exports[`Page content is preserved 1`] = `
<BrowserRouter
  basename=""
>
  <Layout
    allContent={
      Object {
        "footerContent": Object {
          "copyright": "",
          "credits": "",
          "year": "",
        },
        "menuContent": Object {
          "links": Array [],
        },
        "navigationMenuContent": Object {
          "about": "",
          "applications": "",
          "cryptoCurrency": "",
          "healthMonitor": "",
          "home": "",
          "information": "",
          "resume": "",
          "websiteName": "",
        },
      }
    }
  >
    <Route
      component={[Function]}
      exact={true}
      path="/"
    />
    <Route
      component={[Function]}
      path="/candle"
    />
    <Route
      component={[Function]}
      path="/health"
    />
    <Route
      component={[Function]}
      path="/blog/:id"
    />
    <Route
      component={[Function]}
      path="/about"
    />
    <Route
      component={[Function]}
      path="/resume"
    />
  </Layout>
</BrowserRouter>
`;
